2025-10-19 21:56:17,016 - INFO - Data successfully backed up to PST5/data/backups\msms_backup_2025-10-19_21-56-17.json
2025-10-19 21:59:08,522 - INFO - Data successfully backed up to PST5/data/backups\msms_backup_2025-10-19_21-59-08.json
2025-10-19 21:59:22,618 - INFO - Data successfully backed up to PST5/data/backups\msms_backup_2025-10-19_21-59-22.json
2025-10-19 21:59:46,606 - INFO - Data successfully backed up to PST5/data/backups\msms_backup_2025-10-19_21-59-46.json
2025-10-19 22:57:05,311 - INFO - Data successfully backed up to PST5/data/backups\msms_backup_2025-10-19_22-57-05.json
2025-10-19 23:06:21,193 - INFO - Data successfully backed up to PST5/data/backups\msms_backup_2025-10-19_23-06-21.json
2025-10-19 23:28:49,811 - INFO - Data successfully backed up to PST5/data/backups\msms_backup_2025-10-19_23-28-49.json
2025-10-19 23:49:21,156 - INFO - generated new fontManager
2025-10-19 23:57:45,121 - INFO - Data successfully backed up to PST5/data/backups\msms_backup_2025-10-19_23-57-45.json
2025-10-19 23:58:18,781 - INFO - Data successfully backed up to PST5/data/backups\msms_backup_2025-10-19_23-58-18.json
2025-10-20 11:52:15,423 - INFO - Data successfully backed up to PST5/data/backups\msms_backup_2025-10-20_11-52-15.json
2025-10-20 12:03:49,792 - INFO - Data successfully backed up to PST5/data/backups\msms_backup_2025-10-20_12-03-49.json
2025-10-20 12:05:11,692 - INFO - Data successfully backed up to PST5/data/backups\msms_backup_2025-10-20_12-05-11.json
2025-10-20 12:07:17,585 - INFO - Data successfully backed up to PST5/data/backups\msms_backup_2025-10-20_12-07-17.json
2025-10-20 12:07:39,855 - INFO - Data successfully backed up to PST5/data/backups\msms_backup_2025-10-20_12-07-39.json
2025-10-20 12:08:16,802 - INFO - Teacher with ID 3 created.
2025-10-20 12:08:23,574 - INFO - Teacher with ID 4 created.
2025-10-20 12:09:05,714 - INFO - Teacher with ID 4 removed.
2025-10-20 12:09:18,742 - INFO - Course with ID 104 created.
2025-10-20 12:10:23,594 - INFO - Teacher with ID 3 removed.
2025-10-20 12:15:17,119 - INFO - Data successfully backed up to PST5/data/backups\msms_backup_2025-10-20_12-15-17.json
2025-10-20 12:16:21,599 - INFO - Course with ID 104 removed.
